> Task :checkKotlinGradlePluginConfigurationErrors SKIPPED
> Task :compileKotlin UP-TO-DATE
> Task :compileJava NO-SOURCE
> Task :processResources UP-TO-DATE
> Task :classes UP-TO-DATE
> Task :compileTestKotlin UP-TO-DATE
> Task :compileTestJava NO-SOURCE
> Task :processTestResources UP-TO-DATE
> Task :testClasses UP-TO-DATE
gradlew.bat : OpenJDK 64-Bit Server VM warning: Sharing is only supported for boot loader classes because bootstrap classpath has been appended
In Zeile:1 Zeichen:88
+ ... e\backend"; & .\gradlew.bat test --tests "com.taskowolf.audit.AuditEv ...
+                 ~~~~~~~~~~~~~~~~~~~~~~~~~~~~~~~~~~~~~~~~~~~~~~~~~~~~~~~~~
    + CategoryInfo          : NotSpecified: (OpenJDK 64-Bit ...s been appended:String) [], RemoteException
    + FullyQualifiedErrorId : NativeCommandError
 
2026-06-23T14:23:31.973+02:00  INFO 9968 --- [ionShutdownHook] j.LocalContainerEntityManagerFactoryBean : Closing JPA EntityManagerFactory for persistence unit 'default'

> Task :test

AuditEventRepositoryTest > findFiltered returns matching events() FAILED
    org.springframework.dao.InvalidDataAccessResourceUsageException at AuditEventRepositoryTest.kt:19
        Caused by: org.hibernate.exception.SQLGrammarException at AuditEventRepositoryTest.kt:19
            Caused by: org.h2.jdbc.JdbcSQLSyntaxErrorException at AuditEventRepositoryTest.kt:19

1 test completed, 1 failed

> Task :test FAILED

FAILURE: Build failed with an exception.

* What went wrong:
Execution failed for task ':test'.
> There were failing tests. See the report at: 
file:///C:/Users/Admin/IdeaProjects/TaskWolf/.claude/worktrees/phase7-enterprise/backend/build/reports/tests/test/index.html

* Try:
> Run with --scan to get full insights.

Deprecated Gradle features were used in this build, making it incompatible with Gradle 9.0.

You can use '--warning-mode all' to show the individual deprecation warnings and determine if they come from your own scripts or plugins.

For more on this, please refer to https://docs.gradle.org/8.10/userguide/command_line_interface.html#sec:command_line_warnings in the Gradle documentation.

BUILD FAILED in 6s
5 actionable tasks: 1 executed, 4 up-to-date
